C:\Users\Conde\enrutapp-frontend\src\components\Layout.jsx
  L5 no-unused-vars
C:\Users\Conde\enrutapp-frontend\src\features\auth\LoginPage.jsx
  L128 no-empty
C:\Users\Conde\enrutapp-frontend\src\features\auth\components\changePasswordModal\ChangePasswordModal.jsx
  L44 no-empty
C:\Users\Conde\enrutapp-frontend\src\features\auth\components\profileModal\ProfileModal.jsx
  L44 no-empty
  L69 no-empty
  L80 no-empty
C:\Users\Conde\enrutapp-frontend\src\features\auth\components\resetPasswordModal\ResetPasswordModal.jsx
  L9 react-refresh/only-export-components
  L30 no-unused-vars
  L33 no-unused-vars
C:\Users\Conde\enrutapp-frontend\src\features\clientes\ClientesPage.jsx
  L204 no-unused-vars
C:\Users\Conde\enrutapp-frontend\src\features\clientes\pages\CompletarPerfilClientePage.jsx
  L109 no-empty
C:\Users\Conde\enrutapp-frontend\src\features\conductores\ConductoresPage.jsx
  L167 no-unused-vars
C:\Users\Conde\enrutapp-frontend\src\features\conductores\components\addConductorModal\AddConductorModalNew.jsx
  L28 no-unused-vars
C:\Users\Conde\enrutapp-frontend\src\features\contratos\pages\ContratoCreatePage.jsx
  L158 no-unused-vars
  L323 no-unused-vars
C:\Users\Conde\enrutapp-frontend\src\features\encomiendas\pages\EncomiendasProfile.jsx
  L11 no-unused-vars
  L16 no-unused-vars
C:\Users\Conde\enrutapp-frontend\src\features\finanzas\FinanzasPage.jsx
  L75 react-hooks/exhaustive-deps
  L106 no-unused-vars
C:\Users\Conde\enrutapp-frontend\src\features\home\pages\HomeAdmin.jsx
  L147 no-unused-vars
  L152 no-unsafe-finally
  L285 no-unsafe-finally
C:\Users\Conde\enrutapp-frontend\src\features\home\pages\HomeUsuario.jsx
  L7 no-unused-vars
C:\Users\Conde\enrutapp-frontend\src\features\landingPage\Landing.jsx
  L214 no-unused-vars
  L228 no-unused-vars
  L252 react-hooks/exhaustive-deps
C:\Users\Conde\enrutapp-frontend\src\features\landingPage\ResultadosBusqueda.jsx
  L27 no-unused-vars
  L482 no-unused-vars
  L595 no-unused-vars
C:\Users\Conde\enrutapp-frontend\src\features\landingPage\components\AboutSection.jsx
  L4 no-unused-vars
C:\Users\Conde\enrutapp-frontend\src\features\landingPage\components\CityAutocomplete.jsx
  L306 no-unused-vars
C:\Users\Conde\enrutapp-frontend\src\features\landingPage\components\DestinosCarousel.jsx
  L6 no-unused-vars
C:\Users\Conde\enrutapp-frontend\src\features\landingPage\components\DestinySection.jsx
  L5 no-unused-vars
  L5 no-unused-vars
C:\Users\Conde\enrutapp-frontend\src\features\landingPage\components\HeroSection.jsx
  L32 no-unused-vars
  L33 no-unused-vars
C:\Users\Conde\enrutapp-frontend\src\features\landingPage\components\SeatsModal.jsx
  L12 react-hooks/rules-of-hooks
C:\Users\Conde\enrutapp-frontend\src\features\landingPage\hooks\useInView.js
  L29 react-hooks/exhaustive-deps
C:\Users\Conde\enrutapp-frontend\src\features\reservas\ReservasPage.jsx
  L11 no-unused-vars
C:\Users\Conde\enrutapp-frontend\src\features\roles\components\managePermissionsModal\ManagePermissionsModal.jsx
  L21 react-hooks/exhaustive-deps
C:\Users\Conde\enrutapp-frontend\src\features\roles\pages\RolProfilePage.jsx
  L64 no-unused-vars
  L78 no-unused-vars
C:\Users\Conde\enrutapp-frontend\src\features\rutas\RutasPage.jsx
  L104 no-unused-vars
  L126 no-unused-vars
  L126 no-empty
  L145 no-unused-vars
  L716 no-unused-vars
  L866 no-unused-vars
  L917 no-unused-vars
C:\Users\Conde\enrutapp-frontend\src\features\rutas\components\ContratoQuickCreateModal.jsx
  L20 no-unused-vars
  L269 no-unused-vars
C:\Users\Conde\enrutapp-frontend\src\features\rutas\components\addRutaModal\AddRutaModal.jsx
  L48 no-unused-vars
  L216 react-hooks/exhaustive-deps
  L320 no-unused-vars
  L345 no-unused-vars
C:\Users\Conde\enrutapp-frontend\src\features\rutas\components\editRutaModal\EditRutaModal.jsx
  L46 no-unused-vars
  L130 no-unused-vars
C:\Users\Conde\enrutapp-frontend\src\features\rutas\pages\RutaProfilePage.jsx
  L47 no-unused-vars
C:\Users\Conde\enrutapp-frontend\src\features\tracking\components\DriverTrackingMap.jsx
  L2 no-unused-vars
  L2 no-unused-vars
  L16 no-unused-vars
C:\Users\Conde\enrutapp-frontend\src\features\tracking\components\DriverTrackingModal.jsx
  L24 no-unused-vars
  L25 no-unused-vars
C:\Users\Conde\enrutapp-frontend\src\features\turnos\TurnosPage.jsx
  L13 no-unused-vars
C:\Users\Conde\enrutapp-frontend\src\features\turnos\components\addTurnoModal\AddTurnoModal.jsx
  L109 no-unused-vars
C:\Users\Conde\enrutapp-frontend\src\features\ubicaciones\UbicacionesPage.jsx
  L44 no-unused-vars
  L206 no-unused-vars
  L303 no-unused-vars
  L303 no-empty
C:\Users\Conde\enrutapp-frontend\src\features\ubicaciones\components\forceDeleteUbicacionModal\ForceDeleteUbicacionModal.jsx
  L9 no-unused-vars
C:\Users\Conde\enrutapp-frontend\src\features\ubicaciones\components\infoRutasActivasModal\InfoRutasActivasModal.jsx
  L8 no-unused-vars
C:\Users\Conde\enrutapp-frontend\src\features\ubicaciones\components\ubicacionAddModal\UbicacionAdd.jsx
  L27 no-unused-vars
  L29 no-unused-vars
  L100 no-unused-vars
  L118 no-unused-vars
C:\Users\Conde\enrutapp-frontend\src\features\ubicaciones\pages\UbicacionProfile.jsx
  L40 no-unused-vars
  L78 no-unused-vars
C:\Users\Conde\enrutapp-frontend\src\features\usuarios\UsuariosPage.jsx
  L202 no-unused-vars
  L847 no-unused-vars
C:\Users\Conde\enrutapp-frontend\src\features\usuarios\api\userService.js
  L5 no-useless-catch
  L16 no-useless-catch
  L24 no-useless-catch
  L33 no-useless-catch
  L44 no-useless-catch
  L53 no-useless-catch
  L93 no-useless-catch
  L101 no-useless-catch
C:\Users\Conde\enrutapp-frontend\src\features\usuarios\components\addUserModal\AddUserModal.jsx
  L16 no-unused-vars
  L21 no-unused-vars
  L230 no-unused-vars
  L239 no-empty
  L395 no-unused-vars
  L395 no-empty
C:\Users\Conde\enrutapp-frontend\src\features\usuarios\pages\UsuarioProfilePage.jsx
  L123 no-unused-vars
C:\Users\Conde\enrutapp-frontend\src\features\vehiculos\VehiculosPage.jsx
  L174 no-unused-vars
  L174 no-empty
  L200 no-unused-vars
  L200 no-empty
  L218 no-undef
C:\Users\Conde\enrutapp-frontend\src\features\vehiculos\components\addVehiculoModal\AddVehiculoModal.jsx
  L75 no-unused-vars
  L92 no-unused-vars
  L92 no-empty
  L920 no-unused-vars
C:\Users\Conde\enrutapp-frontend\src\features\vehiculos\components\editVehiculoModal\EditVehiculoModal.jsx
  L130 no-unused-vars
  L130 no-empty
  L493 no-unused-vars
C:\Users\Conde\enrutapp-frontend\src\features\vehiculos\pages\VehiculoProfile.jsx
  L58 no-unused-vars
  L65 no-unused-vars
C:\Users\Conde\enrutapp-frontend\src\routes\Routes.jsx
  L151 react-refresh/only-export-components
C:\Users\Conde\enrutapp-frontend\src\routes\components\LazyLoadingFallback.jsx
  L4 no-unused-vars
  L8 react-refresh/only-export-components
C:\Users\Conde\enrutapp-frontend\src\routes\components\ProtectedRoute.jsx
  L4 no-unused-vars
C:\Users\Conde\enrutapp-frontend\src\routes\components\RoleRedirect.jsx
  L20 react-hooks/rules-of-hooks
C:\Users\Conde\enrutapp-frontend\src\routes\components\RouteErrorBoundary.jsx
  L10 no-unused-vars
  L60 no-undef
  L102 react-refresh/only-export-components
C:\Users\Conde\enrutapp-frontend\src\routes\modules\conductorRoutes.jsx
  L22 react-refresh/only-export-components
C:\Users\Conde\enrutapp-frontend\src\routes\modules\usuarioRoutes.jsx
  L12 react-refresh/only-export-components
C:\Users\Conde\enrutapp-frontend\src\shared\components\map\components\GoogleMapComponent.jsx
  L30 no-unused-vars
  L37 no-unused-vars
  L157 react-hooks/exhaustive-deps
C:\Users\Conde\enrutapp-frontend\src\shared\components\map\components\MapBoxMap.jsx
  L98 react-hooks/exhaustive-deps
  L103 react-hooks/exhaustive-deps
  L119 no-unused-vars
  L119 no-empty
  L128 no-unused-vars
  L128 no-empty
  L151 no-unused-vars
  L166 no-unused-vars
  L166 no-empty
  L172 no-unused-vars
  L172 no-empty
  L181 no-unused-vars
  L181 no-empty
  L264 react-hooks/exhaustive-deps
C:\Users\Conde\enrutapp-frontend\src\shared\components\map\context\MapContext.jsx
  L46 react-refresh/only-export-components
C:\Users\Conde\enrutapp-frontend\src\shared\components\map\hooks\useGeocodingOptimized.js
  L51 no-unused-vars
C:\Users\Conde\enrutapp-frontend\src\shared\components\map\hooks\useMapInstance.js
  L16 no-unused-vars
  L94 no-unused-vars
  L123 no-unused-vars
  L123 no-empty
  L130 react-hooks/exhaustive-deps
C:\Users\Conde\enrutapp-frontend\src\shared\components\map\hooks\useMarkers.js
  L103 no-unused-vars
  L103 no-empty
  L122 no-unused-vars
  L122 no-empty
  L143 no-unused-vars
  L143 no-empty
  L156 no-unused-vars
  L167 no-unused-vars
  L167 no-empty
  L188 no-unused-vars
  L188 no-empty
C:\Users\Conde\enrutapp-frontend\src\shared\components\map\hooks\useRouteCalculation.js
  L12 no-unused-vars
  L35 no-unused-vars
  L35 no-empty
  L130 no-unused-vars
  L130 no-empty
  L248 no-unused-vars
  L248 no-empty
  L270 react-hooks/exhaustive-deps
C:\Users\Conde\enrutapp-frontend\src\shared\components\modal\addModal\AddConductorModal.jsx
  L52 react-hooks/exhaustive-deps
C:\Users\Conde\enrutapp-frontend\src\shared\components\modal\addReservaModal\AddReservaModal.jsx
  L10 no-unused-vars
  L63 no-unused-vars
  L82 react-hooks/exhaustive-deps
C:\Users\Conde\enrutapp-frontend\src\shared\components\modal\asignarConductorModal\AsignarConductorModal.jsx
  L11 no-undef
  L12 no-undef
  L20 no-undef
  L21 no-undef
  L27 no-unused-vars
C:\Users\Conde\enrutapp-frontend\src\shared\components\modal\deleteModal\DeleteWithDependenciesModal.jsx
  L9 no-unused-vars
C:\Users\Conde\enrutapp-frontend\src\shared\components\modal\editReservaModal\EditReservaModal.jsx
  L12 no-undef
  L19 no-undef
  L85 no-unused-vars
  L195 no-constant-binary-expression
  L300 no-unused-vars
C:\Users\Conde\enrutapp-frontend\src\shared\components\modal\editarAsignacionModal\EditarAsignacionModal.jsx
  L11 no-undef
  L12 no-undef
  L20 no-undef
  L21 no-undef
C:\Users\Conde\enrutapp-frontend\src\shared\components\pagination\Pagination.jsx
  L11 no-unused-vars
C:\Users\Conde\enrutapp-frontend\src\shared\context\AuthContext.jsx
  L6 react-refresh/only-export-components
  L55 no-unused-vars
  L212 no-useless-catch
C:\Users\Conde\enrutapp-frontend\src\shared\context\GoogleMapsLoader.jsx
  L26 react-hooks/rules-of-hooks
  L33 react-hooks/rules-of-hooks
  L47 no-empty
  L57 react-refresh/only-export-components
C:\Users\Conde\enrutapp-frontend\src\shared\context\LoadingContext.jsx
  L12 react-refresh/only-export-components
C:\Users\Conde\enrutapp-frontend\src\shared\context\ThemeContext.jsx
  L5 react-refresh/only-export-components
C:\Users\Conde\enrutapp-frontend\src\shared\hooks\useApi.js
  L55 react-hooks/exhaustive-deps
  L55 react-hooks/exhaustive-deps
C:\Users\Conde\enrutapp-frontend\src\shared\hooks\usePagination.js
  L37 react-hooks/exhaustive-deps
C:\Users\Conde\enrutapp-frontend\src\shared\services\apiService.js
  L55 no-unused-vars
  L68 no-unused-vars
  L86 no-unused-vars
  L86 no-empty
C:\Users\Conde\enrutapp-frontend\src\shared\services\catalogService.js
  L5 no-useless-catch
  L14 no-useless-catch
  L23 no-useless-catch
  L32 no-useless-catch
  L41 no-useless-catch
  L50 no-useless-catch
